// Jest Snapshot v1, https://goo.gl/fbAQLP

exports[`DetailsContainer renders a character from Hey Arnold by matching id 1`] = `
<figure
  aria-label="character"
>
  <img
    alt="Grandpa Phil"
    src="https://vignette.wikia.nocookie.net/heyarnold/images/7/79/GrandpaPhil.png/revision/latest/scale-to-width-down/300?cb=20160924030436"
  />
  <figcaption>
    Grandpa Phil
  </figcaption>
</figure>
`;
